04:13 ;		 		ExpID; HP_Set;  Fold;   Epoch;   TrainLoss;   		 TrainAcc;             ValLoss;              	ValAcc; 	LR
04:13 ;		 		1; 	   6;  		0; 		0; 		0.6964190839284874;  0.46987951807228917;  0.6844775915145874;  	0.7; 		0.0008
04:14 ;		 		1; 	   6;  		0; 		1; 		0.673096253929368;   0.6626506024096386;   0.6692372798919678;  	0.7; 		0.0008
04:15 ;		 		1; 	   6;  		0; 		2; 		0.6578437858317272;  0.7590361445783133;   0.6561217784881592;  	0.7; 		0.0008
04:15 ;		 		1; 	   6;  		0; 		3; 		0.6427873035511339;  0.7108433734939759;   0.6508355855941772;  	0.7; 		0.0008
04:16 ;		 		1; 	   6;  		0; 		4; 		0.626433746642377;   0.7349397590361446;   0.6346700191497803;  	0.5; 		0.0008
04:16 ;		 		1; 	   6;  		0; 		5; 		0.606322616697794;   0.7228915662650602;   0.6327584981918335;  	0.5; 		0.0008
04:17 ;		 		1; 	   6;  		0; 		6; 		0.5821450970259058;  0.7469879518072289;   0.6099665641784668;  	0.6; 		0.0008
04:18 ;		 		1; 	   6;  		0; 		7; 		0.5784182602382568;  0.7831325301204819;   0.680917501449585;   	0.5; 		0.0008
04:18 ;		 		1; 	   6;  		0; 		8; 		0.5274666655494507;  0.7951807228915663;   0.5772682189941406;  	0.6; 		0.0008
04:19 ;		 		1; 	   6;  		0; 		9; 		0.5204933716590145;  0.8072289156626506;   0.530184143781662;   	0.7; 		0.0008
04:20 ;		 		1; 	   6;  		0; 		10;		0.5106293349021889;  0.7831325301204819;   0.552569305896759;   	0.8; 		0.0008
04:20 ;		 		1; 	   6;  		0; 		11;		0.442041854542422;   0.8554216867469879;   0.48282811641693113; 	0.7; 		0.0008
04:21 ;		 		1; 	   6;  		0; 		12;		0.4459200278822198;  0.8433734939759037;   0.49469279050827025; 	0.8; 		0.0008
04:22 ;		 		1; 	   6;  		0; 		13;		0.44970805960965443; 0.8072289156626506;   0.570774245262146;   	0.7; 		0.0008
04:22 ;		 		1; 	   6;  		0; 		14;		0.3615107400769211;  0.891566265060241;    0.49706544876098635; 	0.7; 		0.0008
04:23 ;		 		1; 	   6;  		0; 		15;		0.3386565953134054;  0.9036144578313253;   0.6126809597015381;  	0.7; 		0.0008
04:24 ;		 		1; 	   6;  		0; 		16;		0.3601535585630371;  0.8554216867469879;   0.5805398225784302;  	0.6; 		0.0008
04:44 ;		 		 ExpID; HP_Set;  Fold;   Epoch;   TrainLoss;   		 TrainAcc;             ValLoss;      	ValAcc; 	LR
04:44 ;		 		2; 6; 1; 0; 0.6784450269880749; 0.5714285714285714; 0.6759258389472962; 0.8; 0.0008
04:45 ;		 		2; 6; 1; 1; 0.6567086151668003; 0.6309523809523809; 0.6571760892868042; 0.6; 0.0008
04:45 ;		 		2; 6; 1; 2; 0.6265144007546561; 0.7619047619047619; 0.6357052803039551; 0.7; 0.0008
04:46 ;		 		2; 6; 1; 3; 0.6212020488012404; 0.7738095238095238; 0.6226323962211608; 0.7; 0.0008
04:47 ;		 		2; 6; 1; 4; 0.5874879757563273; 0.7380952380952381; 0.6327204465866089; 0.5; 0.0008
04:47 ;		 		2; 6; 1; 5; 0.5589311236426944; 0.7738095238095238; 0.5809028506278991; 0.7; 0.0008
04:48 ;		 		2; 6; 1; 6; 0.5253537581080482; 0.8333333333333334; 0.5720630645751953; 0.8; 0.0008
04:48 ;		 		2; 6; 1; 7; 0.5079766086169651; 0.8333333333333334; 0.5385554909706116; 0.9; 0.0008
04:49 ;		 		2; 6; 1; 8; 0.4477000946090335; 0.8452380952380952; 0.5942509293556213; 0.6; 0.0008
04:49 ;		 		2; 6; 1; 9; 0.45607690300260273; 0.8333333333333334; 0.48754134178161623; 0.8; 0.0008
04:50 ;		 		2; 6; 1; 10; 0.40637792008263723; 0.8809523809523809; 0.700960659980774; 0.5; 0.0008
04:51 ;		 		2; 6; 1; 11; 0.3860730386915661; 0.8690476190476191; 0.4380269408226013; 0.9; 0.0008
04:51 ;		 		2; 6; 1; 12; 0.4022288464364551; 0.7976190476190477; 0.745290745049715; 0.5; 0.0008
04:52 ;		 		2; 6; 1; 13; 0.3552291066873641; 0.8452380952380952; 0.36518700122833253; 0.9; 0.0008
04:52 ;		 		2; 6; 1; 14; 0.4029899963310787; 0.8214285714285714; 0.3693063974380493; 0.9; 0.0008
04:53 ;		 		2; 6; 1; 15; 0.32902709926877705; 0.8571428571428571; 0.45070084631443025; 0.8; 0.0008
04:54 ;		 		2; 6; 1; 16; 0.29920522230012075; 0.8452380952380952; 0.31220937967300416; 0.9; 0.0008
04:54 ;		 		2; 6; 1; 17; 0.2747733706519717; 0.8571428571428571; 0.28765058517456055; 1.0; 0.0008
04:55 ;		 		2; 6; 1; 18; 0.28880536201454343; 0.8928571428571429; 0.30379613637924197; 0.9; 0.0008
04:56 ;		 		2; 6; 1; 19; 0.2508159826199214; 0.8928571428571429; 0.2925415724515915; 0.9; 0.0008
04:56 ;		 		2; 6; 1; 20; 0.2303085114274706; 0.9404761904761905; 0.31094688177108765; 0.9; 0.0008
04:57 ;		 		2; 6; 1; 21; 0.29432888116155353; 0.8690476190476191; 0.3009186863899231; 0.9; 0.0008
04:58 ;		 		2; 6; 1; 22; 0.27770070305892397; 0.8690476190476191; 0.3985890597105026; 0.7; 0.0008
04:58 ;		 		 ExpID; HP_Set;  Fold;   Epoch;   TrainLoss;   		 TrainAcc;             ValLoss;   ValAcc; 	LR
04:58 ;		 		3; 6; 2; 0; 0.6901274181547619; 0.5119047619047619; 0.6860062599182128; 0.5; 0.0008
04:59 ;		 		3; 6; 2; 1; 0.666158778326852; 0.6666666666666666; 0.6668555498123169; 0.6; 0.0008
05:00 ;		 		3; 6; 2; 2; 0.6425320335796901; 0.6547619047619048; 0.6511347532272339; 0.6; 0.0008
05:00 ;		 		3; 6; 2; 3; 0.6190361976623535; 0.7619047619047619; 0.6101564168930054; 0.7; 0.0008
05:01 ;		 		3; 6; 2; 4; 0.5853934827305022; 0.7857142857142857; 0.5854058921337127; 0.9; 0.0008
05:02 ;		 		3; 6; 2; 5; 0.5403421975317455; 0.7857142857142857; 0.6269450306892395; 0.6; 0.0008
05:03 ;		 		3; 6; 2; 6; 0.5331166202113742; 0.7380952380952381; 0.5059928476810456; 0.9; 0.0008
05:03 ;		 		3; 6; 2; 7; 0.5068578947158087; 0.75; 0.49715456962585447; 0.8; 0.0008
05:04 ;		 		3; 6; 2; 8; 0.45569739171436857; 0.8095238095238095; 0.6313592791557312; 0.5; 0.0008
05:05 ;		 		3; 6; 2; 9; 0.42799227720215205; 0.8095238095238095; 0.40901936292648317; 0.9; 0.0008
05:05 ;		 		3; 6; 2; 10; 0.45232040825344266; 0.7857142857142857; 0.35765849351882933; 0.9; 0.0008
05:06 ;		 		3; 6; 2; 11; 0.4296344007764544; 0.8452380952380952; 0.7347998857498169; 0.6; 0.0008
05:07 ;		 		3; 6; 2; 12; 0.3958622529393151; 0.8571428571428571; 0.8344668343663215; 0.6; 0.0008
05:07 ;		 		3; 6; 2; 13; 0.4045916270642054; 0.8095238095238095; 0.7873030662536621; 0.5; 0.0008
05:08 ;		 		3; 6; 2; 14; 0.34698824939273654; 0.8928571428571429; 0.5404530204832554; 0.7; 0.0008
05:09 ;		 		3; 6; 2; 15; 0.34015576186634244; 0.8690476190476191; 0.3759590744972229; 0.9; 0.0008
05:09 ;		 		 ExpID; HP_Set;  Fold;   Epoch;   TrainLoss;   		 TrainAcc;             ValLoss;    ValAcc; 	LR
05:09 ;		 		4; 6; 3; 0; 0.6983479488463629; 0.47619047619047616; 0.6859420657157898; 0.5; 0.0008
05:10 ;		 		4; 6; 3; 1; 0.6635563941228957; 0.7023809523809523; 0.6772267460823059; 0.5; 0.0008
05:11 ;		 		4; 6; 3; 2; 0.6414996073359535; 0.6071428571428571; 0.6769059836864472; 0.5; 0.0008
05:11 ;		 		4; 6; 3; 3; 0.6075674777939206; 0.7142857142857143; 0.6283035516738892; 0.6; 0.0008
05:12 ;		 		4; 6; 3; 4; 0.5750428636868795; 0.7619047619047619; 0.6203928112983703; 0.6; 0.0008
05:13 ;		 		4; 6; 3; 5; 0.5508440562656948; 0.7857142857142857; 0.5336750864982605; 0.9; 0.0008
05:14 ;		 		4; 6; 3; 6; 0.5502854386965433; 0.7857142857142857; 0.568709671497345; 0.7; 0.0008
05:14 ;		 		4; 6; 3; 7; 0.4872912395568121; 0.8214285714285714; 0.49407249689102173; 0.8; 0.0008
05:15 ;		 		4; 6; 3; 8; 0.4709241347653525; 0.8214285714285714; 0.48180599212646485; 0.9; 0.0008
05:16 ;		 		4; 6; 3; 9; 0.44672614903677077; 0.8333333333333334; 0.4237541615962982; 0.7; 0.0008
05:17 ;		 		4; 6; 3; 10; 0.4947876901853652; 0.7976190476190477; 0.40008226633071897; 0.9; 0.0008
05:17 ;		 		4; 6; 3; 11; 0.4086281316620963; 0.8214285714285714; 0.6624174371361733; 0.6; 0.0008
05:18 ;		 		4; 6; 3; 12; 0.4496054791268848; 0.7976190476190477; 0.35667232275009153; 1.0; 0.0008
05:19 ;		 		4; 6; 3; 13; 0.4209159030800774; 0.7976190476190477; 0.36158881783485414; 1.0; 0.0008
05:20 ;		 		4; 6; 3; 14; 0.33862622011275517; 0.9047619047619048; 0.3173185020685196; 1.0; 0.0008
05:20 ;		 		4; 6; 3; 15; 0.31586333612600964; 0.8809523809523809; 0.5211266994476318; 0.7; 0.0008
05:21 ;		 		4; 6; 3; 16; 0.3351895206031345; 0.8452380952380952; 0.3323902428150177; 1.0; 0.0008
05:22 ;		 		4; 6; 3; 17; 0.36319816538265776; 0.8571428571428571; 0.3155241012573242; 0.9; 0.0008
05:23 ;		 		4; 6; 3; 18; 0.3902733680747804; 0.8333333333333334; 0.2949489116668701; 0.9; 0.0008
05:23 ;		 		4; 6; 3; 19; 0.3836744413489387; 0.8214285714285714; 0.5397875919938088; 0.6; 0.0008
05:24 ;		 		4; 6; 3; 20; 0.2599960224969046; 0.8928571428571429; 0.26264533400535583; 0.9; 0.0008
05:25 ;		 		4; 6; 3; 21; 0.33799440945897785; 0.8571428571428571; 0.3712207689881325; 0.8; 0.0008
05:26 ;		 		4; 6; 3; 22; 0.3069221107732682; 0.8690476190476191; 0.26309387683868407; 0.9; 0.0008
05:27 ;		 		4; 6; 3; 23; 0.28685010756765095; 0.8690476190476191; 0.3256862089037895; 0.8; 0.0008
05:27 ;		 		4; 6; 3; 24; 0.33979477555978865; 0.8452380952380952; 0.2372233122587204; 1.0; 0.0008
05:28 ;		 		4; 6; 3; 25; 0.32308228952544077; 0.8809523809523809; 0.5739225745201111; 0.6; 0.0008
05:29 ;		 		4; 6; 3; 26; 0.3972677219481695; 0.8214285714285714; 0.5601922832429409; 0.7; 0.0008
05:30 ;		 		4; 6; 3; 27; 0.31361512059257146; 0.8571428571428571; 0.2427978813648224; 0.9; 0.0008
05:30 ;		 		4; 6; 3; 28; 0.3001650557631538; 0.8809523809523809; 0.2664376847445965; 0.9; 0.0008
05:31 ;		 		4; 6; 3; 29; 0.2410443907692319; 0.9166666666666666; 0.32552716732025144; 0.9; 0.0008
05:31 ;		 		 ExpID; HP_Set;  Fold;   Epoch;   TrainLoss;   		 TrainAcc;             ValLoss;    ValAcc; 	LR
05:32 ;		 		5; 9; 0; 0; 0.6917468833636089; 0.4939759036144578; 0.6786627888679504; 0.7; 0.0008
05:33 ;		 		5; 9; 0; 1; 0.6595301829188703; 0.6987951807228916; 0.6644094228744507; 0.7; 0.0008
05:33 ;		 		5; 9; 0; 2; 0.6568589540849249; 0.5542168674698795; 0.6459569931030273; 0.6; 0.0008
05:34 ;		 		5; 9; 0; 3; 0.6282890474939921; 0.6506024096385542; 0.6230345129966736; 0.7; 0.0008
05:35 ;		 		5; 9; 0; 4; 0.6319808694253485; 0.7349397590361446; 0.581322193145752; 0.7; 0.0008
05:36 ;		 		5; 9; 0; 5; 0.6116593681186079; 0.7228915662650602; 0.5692423939704895; 0.8; 0.0008
05:36 ;		 		5; 9; 0; 6; 0.598928047231881; 0.7108433734939759; 0.5608666419982911; 0.8; 0.0008
05:37 ;		 		5; 9; 0; 7; 0.5733770455222532; 0.7590361445783133; 0.5738421678543091; 0.8; 0.0008
05:38 ;		 		5; 9; 0; 8; 0.5158657794257244; 0.8192771084337349; 0.5501296877861023; 0.7; 0.0008
05:39 ;		 		5; 9; 0; 9; 0.5315611901053463; 0.7349397590361446; 0.5489093482494354; 0.7; 0.0008
05:39 ;		 		5; 9; 0; 10; 0.4803006333040904; 0.8192771084337349; 0.6159709930419922; 0.6; 0.0008
05:40 ;		 		5; 9; 0; 11; 0.4439409375190735; 0.8795180722891566; 0.43071707487106325; 0.9; 0.0008
05:41 ;		 		5; 9; 0; 12; 0.4416478865117912; 0.8192771084337349; 0.5262914657592773; 0.8; 0.0008
05:42 ;		 		5; 9; 0; 13; 0.4210536135248391; 0.8192771084337349; 0.4795694947242737; 0.7; 0.0008
05:42 ;		 		5; 9; 0; 14; 0.40892007192933416; 0.8313253012048193; 0.4413587599992752; 0.7; 0.0008
05:43 ;		 		5; 9; 0; 15; 0.4369368804506509; 0.7951807228915663; 0.37371662855148313; 0.8; 0.0008
05:44 ;		 		5; 9; 0; 16; 0.35953006956232597; 0.8674698795180723; 0.8072085201740264; 0.7; 0.0008
05:45 ;		 		5; 9; 0; 17; 0.43237846084387904; 0.8072289156626506; 0.3861935257911682; 0.9; 0.0008
05:45 ;		 		5; 9; 0; 18; 0.3248036426593022; 0.8795180722891566; 0.4135424256324768; 0.9; 0.0008
05:46 ;		 		5; 9; 0; 19; 0.34064795678279486; 0.8554216867469879; 0.31347809433937074; 0.9; 0.0008
05:47 ;		 		5; 9; 0; 20; 0.2872091057788895; 0.891566265060241; 0.3869662284851074; 0.8; 0.0008
05:47 ;		 		5; 9; 0; 21; 0.2951286480010274; 0.9036144578313253; 0.40547932386398317; 0.9; 0.0008
05:48 ;		 		5; 9; 0; 22; 0.268436424344419; 0.8795180722891566; 0.36268588304519656; 0.8; 0.0008
05:49 ;		 		5; 9; 0; 23; 0.2949131959712649; 0.8795180722891566; 0.2844884812831879; 0.9; 0.0008
05:50 ;		 		5; 9; 0; 24; 0.26435942139970253; 0.9156626506024096; 0.5173242330551148; 0.8; 0.0008
05:50 ;		 		5; 9; 0; 25; 0.23146798237260566; 0.9156626506024096; 0.5855511426925659; 0.8; 0.0008
05:51 ;		 		5; 9; 0; 26; 0.3396852476051055; 0.8674698795180723; 0.6408000946044922; 0.8; 0.0008
05:52 ;		 		5; 9; 0; 27; 0.244669241538967; 0.927710843373494; 0.3024643242359161; 0.9; 0.0008
05:53 ;		 		5; 9; 0; 28; 0.21243395063891468; 0.9156626506024096; 0.24776915311813355; 0.9; 0.0008
05:53 ;		 		5; 9; 0; 29; 0.33357400743358107; 0.8554216867469879; 0.3879485249519348; 0.8; 0.0008
05:54 ;		 		5; 9; 0; 30; 0.2288832770413663; 0.927710843373494; 0.3015697479248047; 0.8; 0.0008
05:55 ;		 		5; 9; 0; 31; 0.21847668685108781; 0.891566265060241; 0.42063485980033877; 0.8; 0.0008
05:56 ;		 		5; 9; 0; 32; 0.2721209414752133; 0.8795180722891566; 0.5551701784133911; 0.7; 0.0008
05:56 ;		 		5; 9; 0; 33; 0.28038828272417365; 0.8795180722891566; 0.30296545624732973; 0.9; 0.0008
05:56 ;		 		 ExpID; HP_Set;  Fold;   Epoch;   TrainLoss;   		 TrainAcc;             ValLoss;    ValAcc; 	LR
05:57 ;		 		6; 9; 1; 0; 0.7107970714569092; 0.4880952380952381; 0.6813979029655457; 0.6; 0.0008
05:58 ;		 		6; 9; 1; 1; 0.6688094337781271; 0.5833333333333334; 0.6682105541229248; 0.6; 0.0008
05:59 ;		 		6; 9; 1; 2; 0.6415242779822576; 0.7142857142857143; 0.6446091651916503; 0.8; 0.0008
06:00 ;		 		6; 9; 1; 3; 0.6250166495641073; 0.7380952380952381; 0.6209440231323242; 0.7; 0.0008
06:00 ;		 		6; 9; 1; 4; 0.5756167599133083; 0.7857142857142857; 0.6060633540153504; 0.8; 0.0008
06:01 ;		 		6; 9; 1; 5; 0.546929365112668; 0.7976190476190477; 0.5783323049545288; 0.8; 0.0008
06:02 ;		 		6; 9; 1; 6; 0.5334190343107496; 0.7857142857142857; 0.528837251663208; 0.7; 0.0008
06:03 ;		 		6; 9; 1; 7; 0.49922811133520945; 0.8333333333333334; 0.4782792329788208; 0.9; 0.0008
06:04 ;		 		6; 9; 1; 8; 0.4531621649151757; 0.8571428571428571; 0.4627882242202759; 0.8; 0.0008
06:04 ;		 		6; 9; 1; 9; 0.44599438707033795; 0.8333333333333334; 0.45846167802810667; 0.8; 0.0008
06:05 ;		 		6; 9; 1; 10; 0.4446636892500378; 0.8333333333333334; 0.47983328998088837; 0.7; 0.0008
06:06 ;		 		6; 9; 1; 11; 0.3495984616733733; 0.9166666666666666; 0.37325721979141235; 0.9; 0.0008
06:07 ;		 		6; 9; 1; 12; 0.36998579899470013; 0.8571428571428571; 0.4076767325401306; 0.8; 0.0008
06:08 ;		 		6; 9; 1; 13; 0.34924082245145527; 0.8452380952380952; 0.3384335398674011; 0.9; 0.0008
06:09 ;		 		6; 9; 1; 14; 0.328500101963679; 0.8928571428571429; 0.370414662361145; 0.9; 0.0008
06:10 ;		 		6; 9; 1; 15; 0.29619381115550086; 0.8928571428571429; 0.32419957518577575; 0.9; 0.0008
06:11 ;		 		6; 9; 1; 16; 0.2706804942517054; 0.9166666666666666; 0.7424567326903343; 0.6; 0.0008
06:11 ;		 		6; 9; 1; 17; 0.3024414763564155; 0.9047619047619048; 0.41070687770843506; 0.8; 0.0008
06:12 ;		 		6; 9; 1; 18; 0.1867981624035608; 0.9404761904761905; 0.5499953925609589; 0.7; 0.0008
06:13 ;		 		6; 9; 1; 19; 0.24998686214288077; 0.9166666666666666; 0.5051924973726273; 0.7; 0.0008
06:14 ;		 		6; 9; 1; 20; 0.2024178710721788; 0.9404761904761905; 0.277277672290802; 0.8; 0.0008
06:14 ;		 		6; 9; 1; 21; 0.26373707893348874; 0.8928571428571429; 1.0594026792794466; 0.6; 0.0008
06:15 ;		 		6; 9; 1; 22; 0.3101538419723511; 0.8690476190476191; 0.17840299308300017; 1.0; 0.0008
06:16 ;		 		6; 9; 1; 23; 0.24543828552677519; 0.9166666666666666; 0.4750007063150406; 0.8; 0.0008
06:16 ;		 		6; 9; 1; 24; 0.26844604810078937; 0.8928571428571429; 0.30171196460723876; 0.8; 0.0008
06:17 ;		 		6; 9; 1; 25; 0.3154446397508894; 0.8809523809523809; 0.4076808199286461; 0.7; 0.0008
06:18 ;		 		6; 9; 1; 26; 0.27715269334259485; 0.9047619047619048; 0.26466614156961443; 0.9; 0.0008
06:19 ;		 		6; 9; 1; 27; 0.21128502913883754; 0.9285714285714286; 0.532447436824441; 0.7; 0.0008
06:19 ;		 		 ExpID; HP_Set;  Fold;   Epoch;   TrainLoss;   		 TrainAcc;             ValLoss;              	ValAcc; 	LR
06:19 ;		 		7; 9; 2; 0; 0.7231243025688898; 0.47619047619047616; 0.6896873116493225; 0.5; 0.0008
06:20 ;		 		7; 9; 2; 1; 0.6706415017445883; 0.6190476190476191; 0.680536937713623; 0.7; 0.0008
06:21 ;		 		7; 9; 2; 2; 0.647637372925168; 0.75; 0.6715864181518555; 0.5; 0.0008
06:22 ;		 		7; 9; 2; 3; 0.6258999790464129; 0.7380952380952381; 0.6759343862533569; 0.5; 0.0008
06:22 ;		 		7; 9; 2; 4; 0.6205344796180725; 0.6547619047619048; 0.6622636914253235; 0.5; 0.0008
06:23 ;		 		7; 9; 2; 5; 0.5870120752425421; 0.75; 0.5559244394302368; 0.8; 0.0008
06:24 ;		 		7; 9; 2; 6; 0.5643253496715; 0.75; 0.5759082496166229; 0.6; 0.0008
06:25 ;		 		7; 9; 2; 7; 0.5234079162279764; 0.7619047619047619; 0.5205196171998978; 0.8; 0.0008
06:26 ;		 		7; 9; 2; 8; 0.5094932544799078; 0.7857142857142857; 0.466164368391037; 0.9; 0.0008
06:26 ;		 		7; 9; 2; 9; 0.4549760293392908; 0.8333333333333334; 0.4502695143222809; 0.8; 0.0008
06:27 ;		 		7; 9; 2; 10; 0.4789028607663654; 0.7619047619047619; 0.457075297832489; 0.8; 0.0008
06:28 ;		 		7; 9; 2; 11; 0.4636168196087792; 0.8214285714285714; 0.3603581964969635; 0.8; 0.0008
06:29 ;		 		7; 9; 2; 12; 0.39332944722402663; 0.8333333333333334; 0.5501449227333068; 0.7; 0.0008
06:29 ;		 		7; 9; 2; 13; 0.3367157961641039; 0.9047619047619048; 0.338206821680069; 0.9; 0.0008
06:30 ;		 		7; 9; 2; 14; 0.40955298997107004; 0.8452380952380952; 0.38243159651756287; 0.9; 0.0008
06:31 ;		 		7; 9; 2; 15; 0.383234230535371; 0.7738095238095238; 0.3731535330414772; 0.9; 0.0008
06:32 ;		 		7; 9; 2; 16; 0.3227353408223107; 0.9047619047619048; 0.27920622676610946; 0.8; 0.0008
06:32 ;		 		7; 9; 2; 17; 0.28414218056769597; 0.9285714285714286; 0.4551926255226135; 0.9; 0.0008
06:33 ;		 		7; 9; 2; 18; 0.28416439039366587; 0.9047619047619048; 0.26696235984563826; 1.0; 0.0008
06:34 ;		 		7; 9; 2; 19; 0.3619500015463148; 0.8690476190476191; 0.24623257145285607; 0.8; 0.0008
06:35 ;		 		7; 9; 2; 20; 0.3054926906313215; 0.8928571428571429; 0.312969371676445; 0.7; 0.0008
06:35 ;		 		7; 9; 2; 21; 0.2827261579888208; 0.9047619047619048; 0.3289118468761444; 0.8; 0.0008
06:36 ;		 		7; 9; 2; 22; 0.22764967949617476; 0.9285714285714286; 0.43349510729312896; 0.9; 0.0008
06:37 ;		 		7; 9; 2; 23; 0.30788094372976393; 0.8690476190476191; 0.23372887969017028; 0.8; 0.0008
06:38 ;		 		7; 9; 2; 24; 0.2375068733734744; 0.9047619047619048; 0.38850012719631194; 0.8; 0.0008
06:38 ;		 		7; 9; 2; 25; 0.29558777897840455; 0.9047619047619048; 0.8758100590202957; 0.6; 0.0008
06:39 ;		 		7; 9; 2; 26; 0.3962580050740923; 0.7976190476190477; 0.9515001535415649; 0.6; 0.0008
06:39 ;		 		7; 9; 2; 27; 0.39184643682979403; 0.8333333333333334; 0.5001011123880744; 0.8; 0.0008
06:40 ;		 		7; 9; 2; 28; 0.23278213895502545; 0.8928571428571429; 1.0357579570263624; 0.6; 0.0008
06:40 ;		 		 ExpID; HP_Set;  Fold;   Epoch;   TrainLoss;   		 TrainAcc;             ValLoss;              	ValAcc; 	LR
06:41 ;		 		8; 9; 3; 0; 0.699163590158735; 0.4880952380952381; 0.6873430609703064; 0.5; 0.0008
06:41 ;		 		8; 9; 3; 1; 0.6768167473021007; 0.6071428571428571; 0.6785280227661132; 0.6; 0.0008
06:42 ;		 		8; 9; 3; 2; 0.6640320335115705; 0.7023809523809523; 0.6665890097618103; 0.6; 0.0008
06:43 ;		 		8; 9; 3; 3; 0.6614757435662406; 0.6071428571428571; 0.6798390865325927; 0.5; 0.0008
06:43 ;		 		8; 9; 3; 4; 0.6143712656838554; 0.6785714285714286; 0.639648699760437; 0.6; 0.0008
06:44 ;		 		8; 9; 3; 5; 0.6146301428476969; 0.75; 0.6183894872665405; 0.8; 0.0008
06:44 ;		 		8; 9; 3; 6; 0.6251852029845828; 0.6904761904761905; 0.6205689549446106; 0.6; 0.0008
06:45 ;		 		8; 9; 3; 7; 0.6190975790932065; 0.7142857142857143; 0.6639607429504395; 0.5; 0.0008
06:46 ;		 		8; 9; 3; 8; 0.5659544808523995; 0.7738095238095238; 0.6003586769104003; 0.7; 0.0008
06:47 ;		 		8; 9; 3; 9; 0.5663293628465562; 0.7619047619047619; 0.5906524419784546; 0.6; 0.0008
06:47 ;		 		8; 9; 3; 10; 0.5722766660508656; 0.7261904761904762; 0.6006104946136475; 0.6; 0.0008
06:48 ;		 		8; 9; 3; 11; 0.5345908062798637; 0.7857142857142857; 0.5722585201263428; 0.7; 0.0008
06:49 ;		 		8; 9; 3; 12; 0.5453916688760122; 0.7380952380952381; 0.4981657028198242; 0.9; 0.0008
06:49 ;		 		8; 9; 3; 13; 0.5064509198779151; 0.8214285714285714; 0.4958757281303406; 1.0; 0.0008
06:50 ;		 		8; 9; 3; 14; 0.48262920549937655; 0.7857142857142857; 0.46123098134994506; 0.8; 0.0008
06:50 ;		 		8; 9; 3; 15; 0.4485701223214467; 0.8333333333333334; 0.41786266565322877; 0.9; 0.0008
06:51 ;		 		8; 9; 3; 16; 0.4180322970662798; 0.8571428571428571; 0.5333381295204163; 0.6; 0.0008
06:52 ;		 		8; 9; 3; 17; 0.3795671874568576; 0.9166666666666666; 0.39238113164901733; 0.9; 0.0008
06:53 ;		 		8; 9; 3; 18; 0.43480345606803894; 0.8333333333333334; 0.42584786415100095; 0.9; 0.0008
06:53 ;		 		8; 9; 3; 19; 0.39632468706085566; 0.8333333333333334; 0.3343080699443817; 0.9; 0.0008
06:54 ;		 		8; 9; 3; 20; 0.3750742943513961; 0.8333333333333334; 0.40003868490457534; 0.8; 0.0008
06:55 ;		 		8; 9; 3; 21; 0.3459151869728452; 0.8571428571428571; 0.33582415580749514; 0.9; 0.0008
06:55 ;		 		8; 9; 3; 22; 0.3459288279215495; 0.8333333333333334; 0.48188856840133665; 0.6; 0.0008
06:56 ;		 		8; 9; 3; 23; 0.36005828636033194; 0.8571428571428571; 0.5904908761382103; 0.8; 0.0008
06:57 ;		 		8; 9; 3; 24; 0.27823151648044586; 0.8809523809523809; 0.2841777205467224; 0.9; 0.0008
06:58 ;		 		8; 9; 3; 25; 0.2880657152051017; 0.8571428571428571; 0.3091738626360893; 0.9; 0.0008
06:58 ;		 		8; 9; 3; 26; 0.27684556586401804; 0.9285714285714286; 0.3651392191648483; 0.9; 0.0008
06:59 ;		 		8; 9; 3; 27; 0.39245788007974625; 0.8095238095238095; 0.3458442062139511; 0.9; 0.0008
07:00 ;		 		8; 9; 3; 28; 0.26705159885542734; 0.8809523809523809; 0.8671567430719733; 0.5; 0.0008
07:01 ;		 		8; 9; 3; 29; 0.28291558367865427; 0.8571428571428571; 0.49211294651031495; 0.5; 0.0008
